[backblue.gif]
[fade.gif]
[index.html]
[he.kendallhunt.com/sites/default/files/css/css_Jtqv-DBGauPsIJejfKU57yZrVXCkoK8v5TlzZvG-rZ4.css]
[use.fontawesome.com/releases/v6.1.0/css/all.css]
[use.fontawesome.com/releases/v6.1.0/css/v4-shims.css]
[he.kendallhunt.com/sites/default/files/css/css_oxGzZ1iljlld10Hb5E5RNzFEW8JcmuUIa1KeM0lEbR0.css]
[he.kendallhunt.com/themes/custom/kh_higher_education/logo.png]
[he.kendallhunt.com/sites/default/files/Web_Cover_Hayward_1e_082919.jpg]
[he.kendallhunt.com/sites/default/files/js/js__7gGJ7pKmzqUGhzJR49ypx5F1GptzebxEJlRFFX3lZ0.js]
[static.addtoany.com/menu/page.js]
[he.kendallhunt.com/sites/default/files/js/js_yn_ol6MQEBvIFL2WCaz7zW-enLUmzCNZxbKhCilpmJI.js]
[he.kendallhunt.com/product/other-ways-seeing-inclusive-education.html]
[he.kendallhunt.com/sites/default/files/css/css_Jtqv-DBGauPsIJejfKU57yZrVXCkoK8v5TlzZvG-rZ4.css]
[use.fontawesome.com/releases/v6.1.0/css/all.css]
[use.fontawesome.com/releases/v6.1.0/css/v4-shims.css]
[he.kendallhunt.com/sites/default/files/css/css_oxGzZ1iljlld10Hb5E5RNzFEW8JcmuUIa1KeM0lEbR0.css]
[he.kendallhunt.com/product/website-79581-53138.html]
[wchat.freshchat.com/js/widget.js]
